julia> SZoran=[561.813 651.586 310.603 66464.3]
1×4 Matrix{Float64}:
 561.813  651.586  310.603  66464.3

julia> LZoran[721.456 656.615 415.474 1.5482e5]
ERROR: UndefVarError: LZoran not defined
Stacktrace:
 [1] top-level scope
   @ none:1

julia> LZoran=[721.456 656.615 415.474 1.5482e5]
1×4 Matrix{Float64}:
 721.456  656.615  415.474  154820.0

julia> HZoran=[619.9819 1.047e3 970.4539 1.9937e5]
1×4 Matrix{Float64}:
 619.982  1047.0  970.454  199370.0

julia> HMi=[619.9706231269503, 1047.086784587328, 970.2096171237373 199269.22401991286]
ERROR: syntax: missing separator in array expression

julia> HMi=[619.9706231269503 1047.086784587328 970.2096171237373 199269.22401991286]
1×4 Matrix{Float64}:
 619.971  1047.09  970.21  1.99269e5

julia> abs.(HZoran-HMi)./HMi
1×4 Matrix{Float64}:
 1.81894e-5  8.28819e-5  0.000251784  0.000505728

julia> SMi=[561.3423561622229 651.7892318332947 310.62384031215004 66434.85913849386]
1×4 Matrix{Float64}:
 561.342  651.789  310.624  66434.9

julia> abs.(SZoran-SMi)./SZoran
1×4 Matrix{Float64}:
 0.000837723  0.000311903  6.70963e-5  0.000442958

julia> abs.(HZoran-HMi)./HZoran
1×4 Matrix{Float64}:
 1.8189e-5  8.28888e-5  0.00025172  0.000505472

julia> LMi=[721.1469010555606 656.4937863726957 415.36554124874976 154743.67472265614]
1×4 Matrix{Float64}:
 721.147  656.494  415.366  1.54744e5

julia> abs.(LZoran-LMi)./LZoran
1×4 Matrix{Float64}:
 0.000428438  0.000184604  0.000261048  0.000492994
